cargo :     Checking cargonauts v2.0.0 
(D:\Documents\UNITN\ap_project\Cargonauts_Planet)
In riga:1 car:1
+ cargo check --tests 2> errors.txt
+ ~~~~~~~~~~~~~~~~~~~~~~~~~~~~~~~~~
    + CategoryInfo          : NotSpecified: (    Che 
   cking ca...gonauts_Planet):String) [], RemoteExc  
  eption
    + FullyQualifiedErrorId : NativeCommandError
 
error[E0277]: the trait bound `u32: From<i32>` is 
not satisfied
    --> src\planet_ai.rs:1567:63
     |
1567 |         let participant = 
Participant::new(ActorType::Planet, 2);
     |                           ----------------    
                ^ the trait `From<i32>` is not 
implemented for `u32`
     |                           |
     |                           required by a bound 
introduced by this call
     |
     = help: the following other types implement 
trait `From<T>`:
               `u32` implements `From<Char>`
               `u32` implements `From<Ipv4Addr>`
               `u32` implements `From<bool>`
               `u32` implements `From<char>`
               `u32` implements `From<u16>`
               `u32` implements `From<u8>`
     = note: required for `i32` to implement 
`Into<u32>`
note: required by a bound in `Participant::new`
    --> C:\Users\anton\.cargo\git\checkouts\common-b2
59448f8c4d8825\cc1f15f\app\game\src\logging.rs:101:48
     |
 101 |     pub fn new(actor_type: ActorType, id: 
impl Into<ID>) -> Self {
     |                                               
 ^^^^^^^^ required by this bound in 
`Participant::new`

error[E0277]: the trait bound `u32: From<i32>` is 
not satisfied
    --> src\planet_ai.rs:1588:63
     |
1588 |         let participant = 
Participant::new(ActorType::Planet, 2);
     |                           ----------------    
                ^ the trait `From<i32>` is not 
implemented for `u32`
     |                           |
     |                           required by a bound 
introduced by this call
     |
     = help: the following other types implement 
trait `From<T>`:
               `u32` implements `From<Char>`
               `u32` implements `From<Ipv4Addr>`
               `u32` implements `From<bool>`
               `u32` implements `From<char>`
               `u32` implements `From<u16>`
               `u32` implements `From<u8>`
     = note: required for `i32` to implement 
`Into<u32>`
note: required by a bound in `Participant::new`
    --> C:\Users\anton\.cargo\git\checkouts\common-b2
59448f8c4d8825\cc1f15f\app\game\src\logging.rs:101:48
     |
 101 |     pub fn new(actor_type: ActorType, id: 
impl Into<ID>) -> Self {
     |                                               
 ^^^^^^^^ required by this bound in 
`Participant::new`

error[E0277]: the trait bound `u32: From<i32>` is 
not satisfied
    --> src\planet_ai.rs:1777:63
     |
1777 |         let participant = 
Participant::new(ActorType::Planet, 2);
     |                           ----------------    
                ^ the trait `From<i32>` is not 
implemented for `u32`
     |                           |
     |                           required by a bound 
introduced by this call
     |
     = help: the following other types implement 
trait `From<T>`:
               `u32` implements `From<Char>`
               `u32` implements `From<Ipv4Addr>`
               `u32` implements `From<bool>`
               `u32` implements `From<char>`
               `u32` implements `From<u16>`
               `u32` implements `From<u8>`
     = note: required for `i32` to implement 
`Into<u32>`
note: required by a bound in `Participant::new`
    --> C:\Users\anton\.cargo\git\checkouts\common-b2
59448f8c4d8825\cc1f15f\app\game\src\logging.rs:101:48
     |
 101 |     pub fn new(actor_type: ActorType, id: 
impl Into<ID>) -> Self {
     |                                               
 ^^^^^^^^ required by this bound in 
`Participant::new`

warning: unused variable: `planet_id`
   --> src\planet_ai.rs:154:13
    |
154 |         let planet_id = state.id();
    |             ^^^^^^^^^ help: if this is 
intentional, prefix it with an underscore: 
`_planet_id`
    |
    = note: `#[warn(unused_variables)]` on by default

warning: unused variable: `string_error`
   --> src\planet_ai.rs:345:25
    |
345 |                     Err(string_error) => {
    |                         ^^^^^^^^^^^^ help: if 
this is intentional, prefix it with an underscore: 
`_string_error`

warning: unused variable: `planet_id`
   --> src\planet_ai.rs:420:13
    |
420 |         let planet_id = state.id();
    |             ^^^^^^^^^ help: if this is 
intentional, prefix it with an underscore: 
`_planet_id`

warning: unused variable: `explorer_id`
   --> src\planet_ai.rs:472:58
    |
472 |             
ExplorerToPlanet::SupportedResourceRequest { 
explorer_id } => {
    |                                                
          ^^^^^^^^^^^ help: try ignoring the field: 
`explorer_id: _`

warning: unused variable: `explorer_id`
   --> src\planet_ai.rs:475:61
    |
475 |             
ExplorerToPlanet::SupportedCombinationRequest { 
explorer_id } => {
    |                                                
             ^^^^^^^^^^^ help: try ignoring the 
field: `explorer_id: _`

warning: unused variable: `state`
   --> src\planet_ai.rs:525:28
    |
525 |     fn on_start(&mut self, state: 
&PlanetState, _generator: &Generator, _combinator: 
&Combinator) {
    |                            ^^^^^ help: if this 
is intentional, prefix it with an underscore: 
`_state`

warning: unused variable: `state`
   --> src\planet_ai.rs:541:27
    |
541 |     fn on_stop(&mut self, state: &PlanetState, 
_generator: &Generator, _combinator: &Combinator) {
    |                           ^^^^^ help: if this 
is intentional, prefix it with an underscore: 
`_state`

For more information about this error, try `rustc 
--explain E0277`.
warning: `cargonauts` (lib test) generated 7 warnings
error: could not compile `cargonauts` (lib test) due 
to 3 previous errors; 7 warnings emitted
